
> test
> node --test tests/*.test.mjs

✔ account and cart have the home logo but no navigation header (8.8314ms)
✔ account and commerce styles share Geist and Inter, without old fonts (3.3289ms)
✔ record filters handle accents and combine text with state (0.6938ms)
✔ seller totals use cents and count reserved pieces only for pending sales (1.1298ms)
✔ missing or malformed dates never show Invalid Date (29.575ms)
✔ home cart count does not create or replace a guest cookie (161.2877ms)
✔ cart count uses cookie hash and verified user, never query identity (23.9785ms)
✔ customer cannot grant seller role using editable metadata (68.7768ms)
✔ seller sees own sales but cannot read inventory or change roles (41.6313ms)
✔ sales submission validates and ignores browser totals and identity (64.1827ms)
✔ baseline rehearsal refuses remote CLI arguments before consulting Docker (187.8619ms)
✔ baseline rehearsal refuses provider credentials before consulting Docker (269.4493ms)
✔ baseline rehearsal refuses inherited Supabase keys before consulting Docker (270.0468ms)
✔ baseline rehearsal refuses a remote Supabase endpoint before consulting Docker (179.2508ms)
✔ variant cart accepts only the selected variant, quantity and bounded customization (267.5815ms)
✔ extracts visible price rather than inconsistent JSON-LD; keeps unknown stock null (35.8142ms)
✔ missing price never becomes zero; variant data is parsed without executing scripts (0.9012ms)
✔ listing deduplicates products and exposes expected pagination count (1.8713ms)
✔ free shipping uses pre-payment merchandise subtotal at and above ARS 80,000 (2.74ms)
✔ recipient fields are validated and browser-only amounts are discarded (1.2192ms)
✔ MiCorreo adapter sends documented postal and measured parcel fields (3.7347ms)
✔ MiCorreo lists pickup agencies using the documented response shape (2.5602ms)
✔ Mercado Pago requires explicit enablement and signs webhook with the official manifest (2.4031ms)
✔ catalog and cart are separate pages, and product cards open product details (1.909ms)
✔ Comprar ahora uses a separate HttpOnly cart credential and preserves ordinary cart (217.3914ms)
✔ online payment preference receives only the persisted server-side order total (24.213ms)
✔ retry of pagado order never starts another real payment (14.8478ms)
✔ retry of cancelado order never starts another real payment (12.1442ms)
✔ retry of expirado order never starts another real payment (12.3489ms)
✔ expired pending reservation cannot start a real payment preference (13.5489ms)
{"kind":"security","type":"INVALID_WEBHOOK_SIGNATURE","request_id":"9614513a-93e2-4a5c-81a4-b4052af13f04","route":"/api/pagos/mercadopago/webhook","status":401}
✔ signed Mercado Pago webhook rechecks payment with provider and retries idempotently (43.1531ms)
✔ Mercado Pago rejected releases the order through the existing cancellation RPC (11.609ms)
✔ Mercado Pago cancelled releases the order through the existing cancellation RPC (9.5499ms)
✔ anonymous inventory access is denied including HTML and private scripts (239.876ms)
✔ customer metadata cannot grant inventory privileges (50.633ms)
{"kind":"security","type":"SERVER_ERROR","request_id":"4e4cee5f-7ba8-4469-9702-3124b2cdb1ea","route":"/api/admin/inventario","status":503}
✔ membership verification fails closed (11.6062ms)
✔ team can access protected UI without caching or external scripts (48.724ms)
✔ adjustments use only verified identity and allowlisted validated fields (103.2144ms)
{"kind":"security","type":"ORIGIN_DENIED","request_id":"85ddc7f2-b79a-433d-a5f8-f3b83193ef76","route":"/api/admin/inventario/:id/ajustes","status":403}
✔ inventory rejects cross-site changes before authorization or data access (9.8842ms)
✔ receipts and preparation use verified team identity and validated fields (145.7899ms)
✔ persisted mock checkout fails closed outside local Supabase and mock providers (6.0211ms)
✔ local Supabase guard accepts only loopback URLs on known local ports (2.6029ms)
✔ destructive local tests reject remote URLs and inherited secrets before connecting (17.3287ms)
✔ logistics API and private assets require verified database admin role (273.367ms)
✔ logistics private UI is uncached and has restricted CSP (44.6191ms)
✔ logistics actions use verified actor, allowlist, explicit proof and canonical date (155.6076ms)
{"kind":"security","type":"ORIGIN_DENIED","request_id":"a81096ab-9b88-4966-999c-6d9a1634f5e2","route":"/api/admin/logistica/:id/:id/acciones","status":403}
✔ logistics rejects cross-origin actions and hides database/provider error details (30.3625ms)
✔ MiCorreo Basic/Bearer and fixed host: test (5.6018ms)
✔ MiCorreo Basic/Bearer and fixed host: production (0.935ms)
✔ authentication does not need customerId or origin; 20 requests share one token and cache (1.1628ms)
✔ JWT cache expires and renews; separate instances never share tokens (0.9126ms)
✔ JWT without usable exp is not cached (0.892ms)
✔ rates rejects ambiguous price null (1.7243ms)
✔ rates rejects ambiguous price  (0.8673ms)
✔ rates rejects ambiguous price false (0.4366ms)
✔ rates rejects ambiguous price true (0.5722ms)
✔ rates rejects ambiguous price undefined (0.5137ms)
✔ rates rejects ambiguous price NaN (1.429ms)
✔ rates rejects ambiguous price Infinity (1.2871ms)
✔ rates rejects ambiguous price -1 (1.2101ms)
✔ rates rejects ambiguous price abc (0.4406ms)
✔ rates rejects ambiguous price  1  (0.2335ms)
✔ rates rejects ambiguous price 0x10 (0.3619ms)
✔ rates rejects ambiguous price 1e3 (0.406ms)
✔ rates rejects ambiguous price  (0.2831ms)
✔ rates rejects ambiguous price [object Object] (0.2526ms)
✔ rates accepts explicit finite numeric price 0 (0.4048ms)
✔ rates accepts explicit finite numeric price 0 (2.5921ms)
✔ rates accepts explicit finite numeric price 12.5 (0.2683ms)
✔ rates accepts explicit finite numeric price 12.50 (0.1808ms)
✔ rates rejects invalid expiry bad (0.7731ms)
✔ rates rejects invalid expiry 2020-01-01T00:00:00Z (0.1774ms)
✔ rates rejects invalid expiry null (0.1522ms)
✔ HTTP sanitized; safe reads limited retry 400 (0.4462ms)
✔ HTTP sanitized; safe reads limited retry 403 (0.2621ms)
✔ HTTP sanitized; safe reads limited retry 404 (0.2722ms)
✔ HTTP sanitized; safe reads limited retry 429 (0.2774ms)
✔ HTTP sanitized; safe reads limited retry 500 (0.2554ms)
✔ rates malformed JSON rejected and transport errors are sanitized (0.4457ms)
✔ timeout aborts and never exposes credentials (20.4407ms)
✔ 401 safely renews once (0.796ms)
✔ dimensions official boundary and rejection before any network call (0.6784ms)
✔ agencies exclude inactive/no pickup/wrong province/missing CP (1.3087ms)
✔ import official shape D and createdAt only (2.3692ms)
✔ import official shape S and createdAt only (0.4789ms)
✔ import does not automatically replay: timeout (0.7101ms)
✔ import does not automatically replay: malformed (1.7978ms)
✔ import does not automatically replay: duplicate (1.0089ms)
✔ import does not automatically replay: http500 (0.9808ms)
✔ validate uses separate ephemeral account password, not Basic credentials (0.7794ms)
✔ job disabled for real provider by default (0.8817ms)
✔ job sanitizes ambiguous without financial RPCs (0.5192ms)
✔ job sanitizes already_imported without financial RPCs (0.2867ms)
✔ job sanitizes http without financial RPCs (0.1373ms)
✔ job sanitizes rate_limit without financial RPCs (0.1683ms)
✔ job persists createdAt and stops when queue empty (0.7091ms)
✔ rate_limit without an explicit 429 remains in manual review (4.1583ms)
✔ snapshot retains server parcels, variants and canonical province (3.8109ms)
✔ sucursal HTTP revalidates agency and rates its CP instead of residential CP (150.912ms)
✔ production cannot enable pickup or consult real agencies (25.0093ms)
✔ provider secrets never enter HTTP response or internal log (13.6709ms)
✔ safe aggregation never mixes different services or accepts expired parcels (1.3043ms)
✔ guest checkout completes with mock shipping and approved payment (194.979ms)
✔ guest checkout completes with mock shipping and rejected payment (107.8988ms)
✔ guest checkout completes with mock shipping and pending payment (73.5721ms)
✔ simultaneous mock retries create one logical payment (13.8394ms)
✔ 4 sets use approved compact parcels or manual quotation (2.2857ms)
✔ 6 sets use approved compact parcels or manual quotation (0.2341ms)
✔ 7 sets use approved compact parcels or manual quotation (0.1905ms)
✔ 10 sets use approved compact parcels or manual quotation (1.7195ms)
✔ 100 sets use approved compact parcels or manual quotation (0.2613ms)
✔ mixed 2 sets and 2 mates do not extrapolate dimensions (0.4625ms)
✔ mixed 4 sets and 3 mates do not extrapolate dimensions (0.1651ms)
✔ mixed 6 sets and 7 mates do not extrapolate dimensions (0.1895ms)
✔ mixed 10 sets and 10 mates do not extrapolate dimensions (0.6233ms)
✔ large approved one-parcel packing wins over two parcels without inventing dimensions (2.0576ms)
✔ two approved parcels minimize exterior volume and carry their approved gross weight (0.3466ms)
✔ invalid profiles cannot bypass provider dimension limits (1.5175ms)
✔ public admission sum limit is independent from the adapter per-side bounds (0.2133ms)
✔ one mate uses one 17 cm cube weighing 550 g (2.8156ms)
✔ two mates use two joined small boxes weighing 1100 g (0.4566ms)
✔ one set uses one 30 × 30 × 20 cm box weighing 1300 g (0.3277ms)
✔ two sets share one large footprint weighing 2600 g (0.2592ms)
✔ one set plus one loose mate produces separate conservative parcels (0.3019ms)
✔ three sets split into two large parcels (0.2456ms)
✔ mixed orders beyond two approved parcels require manual quotation regardless of line order (0.2665ms)
✔ unsupported goods need a verified single-item profile (0.3258ms)
✔ multi-parcel total sums actual carrier quotes for the same service (2.7509ms)
✔ checkout quotes the server-derived parcels and persists only carrier-returned cost (149.3939ms)
✔ MiCorreo environment supports canonical name, legacy alias and fails closed on conflict (3.4233ms)
✔ development defaults to mock and production defaults to real (1.575ms)
✔ provider selection keeps mock and real behind the same server interfaces (1.0828ms)
✔ mock shipping quotes one and multiple actual package requests at an explicitly fake rate (2.9795ms)
✔ mock payment returns approved without external calls (0.9377ms)
✔ mock payment returns rejected without external calls (0.2049ms)
✔ mock payment returns pending without external calls (0.1457ms)
✔ real mode fails clearly with missing credentials and never falls back to mock (2.7036ms)
✔ large checkout exposes manual handoff, retains pickup and does not rate or persist invented parcels (163.8853ms)
✔ public HTTP entry points and legacy module URLs work without exposing repository secrets (184.9036ms)
✔ registration allowlists display name only and never accepts a role (122.7752ms)
✔ registration validates name, email and password before Auth (30.34ms)
✔ registration supports projects with immediate sessions (7.5658ms)
✔ customer and seller cannot list users or change roles despite metadata (23.7952ms)
✔ admin list returns only allowed fields and roles from memberships (11.843ms)
✔ commercial dashboard is admin-only and accepts known periods (20.1714ms)
✔ role changes use verified actor and selected target, not body identity (6.6169ms)
✔ unconfirmed email cannot receive team privileges (8.0429ms)
✔ guest cookie is HttpOnly, secure, same-site; only its hash reaches DB (107.5865ms)
{"kind":"security","type":"ORIGIN_DENIED","request_id":"8c208164-4bbc-4975-8186-a1b103ccbd7d","route":"/api/carrito/items/:id","status":403}
✔ cross-site writes are rejected before reaching DB (20.9872ms)
✔ parallel session reads cannot overwrite the cart cookie (8.6644ms)
✔ legacy order endpoint cannot bypass the new checkout (21.5902ms)
✔ cart ignores browser prices and owner; accepts only quantity and product id (8.9502ms)
✔ invalid quantities are rejected and secrets are not served as static files (47.7604ms)
✔ security headers protect public and private responses without exposing server details (15.9119ms)
✔ auth limiter uses socket address, rejects spoofed proxy headers and supplies retry delay (91.4862ms)
✔ production rejects malformed origins and HTTP before creating clients (0.8831ms)
✔ malformed content type, oversized JSON and SQL-like IDs fail before commerce RPC (21.6246ms)
✔ empty and unexpected JSON bodies fail cleanly without invoking Auth or commerce (74.8878ms)
✔ unsigned payment notification is rejected before provider lookup or database access (7.5838ms)
ℹ tests 159
ℹ suites 0
ℹ pass 159
ℹ fail 0
ℹ cancelled 0
ℹ skipped 0
ℹ todo 0
ℹ duration_ms 1467.4773
